// Jest Snapshot v1, https://goo.gl/fbAQLP

exports[`Gallery component Snapshot matches 1`] = `
<div
  className="Gallery"
/>
`;
