// Jest Snapshot v1, https://goo.gl/fbAQLP

exports[`App component Snapshot matchs 1`] = `
<div>
  <mock-header />
  <mock-main />
  <mock-footer />
</div>
`;
