// Jest Snapshot v1, https://goo.gl/fbAQLP

exports[`Main component Snapshot matchs 1`] = `
<div
  className="Main"
>
  <div
    className="SearchArea"
  >
    <mock-search />
    <mock-clearSearch />
  </div>
  <mock-status />
  <mock-gallery />
</div>
`;
